// Jest Snapshot v1, https://goo.gl/fbAQLP

exports[`renders correctly 1`] = `
<a
  className="Link-yjndzu-0 jhVFef"
  href="#/test/undefined/"
  onClick={[Function]}
  value={
    Immutable.Map {
      "description": "",
      "is_archived": false,
      "locale": null,
      "order": null,
      "title": "",
      "title_short": "",
      "uuid": undefined,
    }
  }
>
  View
</a>
`;
